///////////////////NODE 1//////////////////
=================PARAMETERS===============

ideal: y^8*z^8+x^2

depth: 0

invariant: 2,0,8,0,1,0,-1

centre of blowup: z,y,x
==================BLOWUP==================

ring variables: x(3),y(1),y(2)

ideal of blownup ambient space:0

ideal of strict transform:x(3)^14*y(1)^8+y(2)^2

ideal of exceptional divisor:x(3)

ideal of blowup map:x(3)*y(2),x(3)*y(1),x(3)
==========================================
time taken: 0
