///////////////////NODE 1//////////////////
=================PARAMETERS===============

ideal: y^25*z^25+x^25

depth: 0

invariant: 25,0,2,0,1,0,-1

centre of blowup: z,y,x
==================BLOWUP==================

ring variables: x(3),y(1),y(2)

ideal of blownup ambient space:0

ideal of strict transform:x(3)^25*y(1)^25+y(2)^25

ideal of exceptional divisor:x(3)

ideal of blowup map:x(3)*y(2),x(3)*y(1),x(3)
==========================================
time taken: 1
