dfs_resolve_core | K:y^47*z^50+x^48
compute_invariant_0 | ideal:((y^47*z^50+x^48), 48) hypersurface of max contact:y invariant data:(invariant:48,0 hypersurfaces of max contact:y)
Singular : signal 11 (v: 4112):
current line:>>	K.I = ideal(L.I^(K.d div L.d) + R.I^(K.d div R.d));<<
Segment fault/Bus error occurred at 0 because of 10202 (r:1624380976)
please inform the authors
trying to restart...
   ? exponent 720720 is too large, max. is 65535
   ? error occurred in or before cideal.lib::add_coeff_ideal line 40: `	K.I = ideal(L.I^(K.d div L.d) + R.I^(K.d div R.d));`
   ? wrong type declaration. type 'help ideal;'
   ? leaving cideal.lib::add_coeff_ideal
