///////////////////NODE 1//////////////////
=================PARAMETERS===============

ideal: x^50+y^21*z^21

depth: 0

invariant: 42,0,1,0,25/21,0,-1

centre of blowup: x,z,y
==================BLOWUP==================

ring variables: x(3),y(1),y(2)

ideal of blownup ambient space:0

ideal of strict transform:x(3)^8*y(2)^50+y(1)^21

ideal of exceptional divisor:x(3)

ideal of blowup map:x(3)*y(2),x(3)*y(1),x(3)
///////////////////NODE 2//////////////////
=================PARAMETERS===============

ideal: x(3)^8*y(2)^50+y(1)^21

depth: 1

invariant: 21,0,58/21,0,1,0,-1

centre of blowup: y(2),x(3),y(1)
==================BLOWUP==================

ring variables: x(3),y(1),y(2)

ideal of blownup ambient space:0

ideal of strict transform:x(3)^37*y(2)^8+y(1)^21

ideal of exceptional divisor:x(3)

ideal of blowup map:x(3)*y(2),x(3)*y(1),x(3)
///////////////////NODE 3//////////////////
=================PARAMETERS===============

ideal: x(3)^37*y(2)^8+y(1)^21

depth: 2

invariant: 21,0,15/7,0,1,0,-1

centre of blowup: y(2),x(3),y(1)
==================BLOWUP==================

ring variables: x(1),y(0),y(1)

ideal of blownup ambient space:0

ideal of strict transform:x(1)^24*y(0)^8+y(1)^21

ideal of exceptional divisor:x(1)

ideal of blowup map:x(1),x(1)*y(1),x(1)*y(0)
///////////////////NODE 4//////////////////
=================PARAMETERS===============

ideal: x(1)^24*y(0)^8+y(1)^21

depth: 3

invariant: 21,0,32/21,0,1,0,-1

centre of blowup: y(0),x(1),y(1)
==================BLOWUP==================

ring variables: x(1),y(0),y(1)

ideal of blownup ambient space:0

ideal of strict transform:y(0)^21+x(1)^11*y(1)^8

ideal of exceptional divisor:x(1)

ideal of blowup map:x(1),x(1)*y(1),x(1)*y(0)
///////////////////NODE 5//////////////////
=================PARAMETERS===============

ideal: y(0)^21+x(1)^11*y(1)^8

depth: 4

invariant: 19,0,1,0,21/19,0,-1

centre of blowup: y(0),y(1),x(1)
==================BLOWUP==================

ring variables: x(3),y(1),y(2)

ideal of blownup ambient space:0

ideal of strict transform:x(3)^2*y(1)^21+y(2)^11

ideal of exceptional divisor:x(3)

ideal of blowup map:x(3)*y(2),x(3)*y(1),x(3)
///////////////////NODE 6//////////////////
=================PARAMETERS===============

ideal: x(3)^2*y(1)^21+y(2)^11

depth: 5

invariant: 11,0,23/11,0,1,0,-1

centre of blowup: y(1),x(3),y(2)
==================BLOWUP==================

ring variables: x(2),y(0),y(2)

ideal of blownup ambient space:0

ideal of strict transform:x(2)^12*y(2)^2+y(0)^11

ideal of exceptional divisor:x(2)

ideal of blowup map:x(2)*y(2),x(2),x(2)*y(0)
///////////////////NODE 7//////////////////
=================PARAMETERS===============

ideal: x(2)^12*y(2)^2+y(0)^11

depth: 6

invariant: 11,0,14/11,0,1,0,-1

centre of blowup: y(2),x(2),y(0)
==================BLOWUP==================

ring variables: x(1),y(0),y(1)

ideal of blownup ambient space:0

ideal of strict transform:y(1)^11+x(1)^3*y(0)^2

ideal of exceptional divisor:x(1)

ideal of blowup map:x(1),x(1)*y(1),x(1)*y(0)
///////////////////NODE 8//////////////////
=================PARAMETERS===============

ideal: y(1)^11+x(1)^3*y(0)^2

depth: 7

invariant: 5,0,1,0,11/5,0,-1

centre of blowup: y(1),y(0),x(1)
==================BLOWUP==================

ring variables: x(3),y(1),y(2)

ideal of blownup ambient space:0

ideal of strict transform:x(3)^6+y(1)^2*y(2)^3

ideal of exceptional divisor:x(3)

ideal of blowup map:x(3)*y(2),x(3)*y(1),x(3)
///////////////////NODE 9//////////////////
=================PARAMETERS===============

ideal: x(3)^6+y(1)^2*y(2)^3

depth: 8

invariant: 5,0,1,0,6/5,0,-1

centre of blowup: x(3),y(2),y(1)
==================BLOWUP==================

ring variables: x(3),y(1),y(2)

ideal of blownup ambient space:0

ideal of strict transform:x(3)*y(2)^6+y(1)^2

ideal of exceptional divisor:x(3)

ideal of blowup map:x(3)*y(2),x(3)*y(1),x(3)
///////////////////NODE 10//////////////////
=================PARAMETERS===============

ideal: x(3)*y(2)^6+y(1)^2

depth: 9

invariant: 2,0,7/2,0,1,0,-1

centre of blowup: y(2),x(3),y(1)
==================BLOWUP==================

ring variables: x(3),y(1),y(2)

ideal of blownup ambient space:0

ideal of strict transform:x(3)^5*y(2)+y(1)^2

ideal of exceptional divisor:x(3)

ideal of blowup map:x(3)*y(2),x(3)*y(1),x(3)
///////////////////NODE 11//////////////////
=================PARAMETERS===============

ideal: x(3)^5*y(2)+y(1)^2

depth: 10

invariant: 2,0,3,0,1,0,-1

centre of blowup: y(2),x(3),y(1)
==================BLOWUP==================

ring variables: x(1),y(0),y(1)

ideal of blownup ambient space:0

ideal of strict transform:x(1)^4*y(0)+y(1)^2

ideal of exceptional divisor:x(1)

ideal of blowup map:x(1),x(1)*y(1),x(1)*y(0)
///////////////////NODE 12//////////////////
=================PARAMETERS===============

ideal: x(1)^4*y(0)+y(1)^2

depth: 11

invariant: 2,0,5/2,0,1,0,-1

centre of blowup: y(0),x(1),y(1)
==================BLOWUP==================

ring variables: x(1),y(0),y(1)

ideal of blownup ambient space:0

ideal of strict transform:x(1)^3*y(1)+y(0)^2

ideal of exceptional divisor:x(1)

ideal of blowup map:x(1),x(1)*y(1),x(1)*y(0)
///////////////////NODE 13//////////////////
=================PARAMETERS===============

ideal: x(1)^3*y(1)+y(0)^2

depth: 12

invariant: 2,0,2,0,1,0,-1

centre of blowup: y(1),x(1),y(0)
==================BLOWUP==================

ring variables: x(1),y(0),y(1)

ideal of blownup ambient space:0

ideal of strict transform:x(1)^2*y(0)+y(1)^2

ideal of exceptional divisor:x(1)

ideal of blowup map:x(1),x(1)*y(1),x(1)*y(0)
///////////////////NODE 14//////////////////
=================PARAMETERS===============

ideal: x(1)^2*y(0)+y(1)^2

depth: 13

invariant: 2,0,3/2,0,1,0,-1

centre of blowup: y(0),x(1),y(1)
==================BLOWUP==================

ring variables: x(1),y(0),y(1)

ideal of blownup ambient space:0

ideal of strict transform:y(0)^2+x(1)*y(1)

ideal of exceptional divisor:x(1)

ideal of blowup map:x(1),x(1)*y(1),x(1)*y(0)
///////////////////NODE 15//////////////////
=================PARAMETERS===============

ideal: y(0)^2+x(1)*y(1)

depth: 14

invariant: 2,0,1,0,1,0,-1

centre of blowup: y(1),x(1),y(0)
==================BLOWUP==================

ring variables: x(3),y(1)

ideal of blownup ambient space:0

ideal of strict transform:0

ideal of exceptional divisor:x(3)

ideal of blowup map:-x(3)*y(1)^2,x(3)*y(1),x(3)
