dfs_resolve_core | K:y^47*z^45+x^50
compute_invariant_0 | ideal:((y^47*z^45+x^50), 50) hypersurface of max contact:y invariant data:(invariant:50,0 hypersurfaces of max contact:y)
compute_invariant_0 | ideal:((z^2250,x^150), 150) hypersurface of max contact:x invariant data:(invariant:50,0,1,0 hypersurfaces of max contact:x,y)
compute_invariant_0 | ideal:((z^2250), 2250) hypersurface of max contact:z invariant data:(invariant:50,0,1,0,15,0 hypersurfaces of max contact:z,x,y)
dfs_resolve_core | K:x(3)^42*y(1)^47+y(2)^50
compute_invariant_0 | ideal:((x(3)^42*y(1)^47+y(2)^50), 50) hypersurface of max contact:y(1) invariant data:(invariant:50,0 hypersurfaces of max contact:y(1))
compute_invariant_0 | ideal:((x(3)^2100,y(2)^150), 150) hypersurface of max contact:y(2) invariant data:(invariant:50,0,1,0 hypersurfaces of max contact:y(2),y(1))
compute_invariant_0 | ideal:((x(3)^2100), 2100) hypersurface of max contact:x(3) invariant data:(invariant:50,0,1,0,14,0 hypersurfaces of max contact:x(3),y(2),y(1))
dfs_resolve_core | K:x(2)^39*y(2)^42+y(0)^50
compute_invariant_0 | ideal:((x(2)^39*y(2)^42+y(0)^50), 50) hypersurface of max contact:y(0) invariant data:(invariant:50,0 hypersurfaces of max contact:y(0))
compute_invariant_0 | ideal:((x(2)^39*y(2)^42), 81) hypersurface of max contact:x(2) invariant data:(invariant:50,0,81/50,0 hypersurfaces of max contact:x(2),y(0))
compute_invariant_0 | ideal:((y(2)^42), 42) hypersurface of max contact:y(2) invariant data:(invariant:50,0,81/50,0,1,0 hypersurfaces of max contact:y(2),x(2),y(0))
dfs_resolve_core | K:x(3)^31*y(2)^39+y(1)^50
compute_invariant_0 | ideal:((x(3)^31*y(2)^39+y(1)^50), 50) hypersurface of max contact:y(1) invariant data:(invariant:50,0 hypersurfaces of max contact:y(1))
compute_invariant_0 | ideal:((x(3)^31*y(2)^39), 70) hypersurface of max contact:x(3) invariant data:(invariant:50,0,7/5,0 hypersurfaces of max contact:x(3),y(1))
compute_invariant_0 | ideal:((y(2)^39), 39) hypersurface of max contact:y(2) invariant data:(invariant:50,0,7/5,0,1,0 hypersurfaces of max contact:y(2),x(3),y(1))
dfs_resolve_core | K:x(3)^20*y(2)^31+y(1)^50
compute_invariant_0 | ideal:((x(3)^20*y(2)^31+y(1)^50), 50) hypersurface of max contact:y(1) invariant data:(invariant:50,0 hypersurfaces of max contact:y(1))
compute_invariant_0 | ideal:((x(3)^20*y(2)^31), 51) hypersurface of max contact:x(3) invariant data:(invariant:50,0,51/50,0 hypersurfaces of max contact:x(3),y(1))
compute_invariant_0 | ideal:((y(2)^31), 31) hypersurface of max contact:y(2) invariant data:(invariant:50,0,51/50,0,1,0 hypersurfaces of max contact:y(2),x(3),y(1))
dfs_resolve_core | K:y(1)^50+x(3)*y(2)^20
compute_invariant_0 | ideal:((y(1)^50+x(3)*y(2)^20), 21) hypersurface of max contact:y(1) invariant data:(invariant:21,0 hypersurfaces of max contact:y(1))
compute_invariant_0 | ideal:((x(3)*y(2)^20), 21) hypersurface of max contact:x(3) invariant data:(invariant:21,0,1,0 hypersurfaces of max contact:x(3),y(1))
compute_invariant_0 | ideal:((y(2)^20), 20) hypersurface of max contact:y(2) invariant data:(invariant:21,0,1,0,1,0 hypersurfaces of max contact:y(2),x(3),y(1))
dfs_resolve_core | K:0
received zero ideal. terminating..
dfs_resolve_core | K:x(2)^29+y(0)^20*y(2)
compute_invariant_0 | ideal:((x(2)^29+y(0)^20*y(2)), 21) hypersurface of max contact:y(0) invariant data:(invariant:21,0 hypersurfaces of max contact:y(0))
process_coeff_ideal | processing ideal: ((x(2)^29+y(0)^20*y(2)), 21)
   ? exponent 720720 is too large, max. is 65535
   ? error occurred in or before cideal.lib::add_coeff_ideal line 40: `	K.I = ideal(L.I^(K.d div L.d) + R.I^(K.d div R.d));`
   ? wrong type declaration. type 'help ideal;'
   ? leaving cideal.lib::add_coeff_ideal
 error at token `;`
   ? leaving /home/dominic/singular/resolvebm.lib::process_coeff_ideal_principal
   ? leaving /home/dominic/singular/resolvebm.lib::process_coeff_ideal
   ? leaving /home/dominic/singular/resolvebm.lib::compute_invariant_0
   ? leaving /home/dominic/singular/resolvebm.lib::dfs_resolve_core
   ? leaving /home/dominic/singular/resolvebm.lib::dfs_resolve_core
   ? leaving /home/dominic/singular/resolvebm.lib::dfs_resolve_core
   ? leaving /home/dominic/singular/resolvebm.lib::dfs_resolve_core
   ? leaving /home/dominic/singular/resolvebm.lib::dfs_resolve_core
   ? leaving /home/dominic/singular/resolvebm.lib::dfs_resolve_core
   ? leaving /home/dominic/singular/resolvebm.lib::dfs_resolve_core
   ? leaving /home/dominic/singular/resolvebm.lib::dfs_resolve
