dfs_resolve_core | K:y^50*z^49+x^50
compute_invariant_0 | ideal:((y^50*z^49+x^50), 50) hypersurface of max contact:y invariant data:(invariant:50,0 hypersurfaces of max contact:y)
compute_invariant_0 | ideal:((x^50), 50) hypersurface of max contact:x invariant data:(invariant:50,0,1,0 hypersurfaces of max contact:x,y)
dfs_resolve_core | K:y(1)^50+x(3)^49
compute_invariant_0 | ideal:((y(1)^50+x(3)^49), 49) hypersurface of max contact:x(3) invariant data:(invariant:49,0 hypersurfaces of max contact:x(3))
compute_invariant_0 | ideal:((y(1)^50), 50) hypersurface of max contact:y(1) invariant data:(invariant:49,0,50/49,0 hypersurfaces of max contact:y(1),x(3))
dfs_resolve_core | K:y(1)^49+x(2)
compute_invariant_0 | ideal:((y(1)^49+x(2)), 1) hypersurface of max contact:y(1) invariant data:(invariant:1,0 hypersurfaces of max contact:y(1))
compute_invariant_0 | ideal:((x(2)), 1) hypersurface of max contact:x(2) invariant data:(invariant:1,0,1,0 hypersurfaces of max contact:x(2),y(1))
dfs_resolve_core | K:0
received zero ideal. terminating..
///////////////////NODE 1//////////////////
=================PARAMETERS===============

ideal: y^50*z^49+x^50

depth: 0

invariant: 50,0,1,0,-1

centre of blowup: x,y
==================BLOWUP==================

ring variables: x(2),x(3),y(1)

ideal of blownup ambient space:0

ideal of strict transform:y(1)^50+x(3)^49

ideal of exceptional divisor:x(2)

ideal of blowup map:x(2)*y(1),x(2),x(3)
///////////////////NODE 2//////////////////
=================PARAMETERS===============

ideal: y(1)^50+x(3)^49

depth: 1

invariant: 49,0,50/49,0,-1

centre of blowup: y(1),x(3)
==================BLOWUP==================

ring variables: x(2),y(1)

ideal of blownup ambient space:0

ideal of strict transform:y(1)^49+x(2)

ideal of exceptional divisor:x(2)

ideal of blowup map:0,x(2)*y(1),x(2)
///////////////////NODE 3//////////////////
=================PARAMETERS===============

ideal: y(1)^49+x(2)

depth: 2

invariant: 1,0,1,0,-1

centre of blowup: x(2),y(1)
==================BLOWUP==================

ring variables: x(1)

ideal of blownup ambient space:0

ideal of strict transform:0

ideal of exceptional divisor:x(1)

ideal of blowup map:-x(1)^49,x(1)
